
Disk /dev/hda: 164.6 GB, 164696555520 bytes
255 heads, 63 sectors/track, 20023 cylinders, total 321672960 sectors
Units = sectors of 1 * 512 = 512 bytes

   Device Boot      Start         End      Blocks   Id  System
/dev/hda1   *          63     9285569     4642753+  83  Linux
/dev/hda3         9285570   321669494   156191962+   5  Extended
/dev/hda5         9285633     9767519      240943+  82  Linux swap / Solaris
/dev/hda6         9767583    19535039     4883728+  83  Linux
/dev/hda7        19535103    29302559     4883728+  83  Linux
/dev/hda8        29302623    39070079     4883728+  83  Linux
/dev/hda9        39070143    39600224      265041   82  Linux swap / Solaris
/dev/hda10       39600288    50090669     5245191   83  Linux
/dev/hda11       50090733    60581114     5245191   83  Linux
/dev/hda12       60581178    71071559     5245191   83  Linux
/dev/hda13      282599478   321669494    19535008+  83  Linux
/dev/hda14       71071623    81562004     5245191   83  Linux

Partition table entries are not in disk order
